ai=application/postscript
aif=audio/x-aiff
aifc=audio/x-aiff
aiff=audio/x-aiff
au=audio/basic
avi=video/x-msvideo
bcpio=application/x-bcpio
bin=application/octet-stream
cdf=application/x-netcdf
cpio=application/x-cpio
csh=application/x-csh
doc=application/msword
dvi=application/x-dvi
eps=application/postscript
etx=text/x-setext
fli=video/x-fli
flr=x-world/x-vrml
gif=image/gif
gtar=application/x-gtar
hdf=application/x-hdf
htm=text/html
html=text/html
ief=image/ief
jpe=image/jpeg
jpeg=image/jpeg
jpg=image/jpeg
latex=application/x-latex
man=application/x-troff-man
me=application/x-troff-me
mif=application/x-mif
mov=video/quicktime
movie=video/x-sgi-movie
mpe=video/mpeg
mpeg=video/mpeg
mpg=video/mpeg
ms=application/x-troff-ms
nc=application/x-netcdf
oda=application/oda
pbm=image/x-portable-bitmap
pdf=application/pdf
pgm=image/x-portable-graymap
pnm=image/x-portable-anymap
ppm=image/x-portable-pixmap
ps=application/postscript
qt=video/quicktime
ras=image/x-cmu-raster
rgb=image/x-rgb
roff=application/x-troff
rtf=application/rtf
rtx=text/richtext
sgm=text/x-sgml
sgml=text/x-sgml
sh=application/x-sh
shar=application/x-shar
snd=audio/basic
src=application/x-wais-source
sv4cpio=application/x-sv4cpio
sv4crc=application/x-sv4crc
tar=application/x-tar
tcl=application/x-tcl
tex=application/x-tex
texti=application/x-texinfo
textinfo=application/x-texinfo
tif=image/tiff
tiff=image/tiff
tr=application/x-troff
troff=application/x-troff
tsv=text/tab-separated-values
txt=text/plain
ustar=application/x-ustar
wav=audio/x-wav
wp=application/wordperfect5.1
wrl=x-world/x-vrml
wrz=x-world/x-vrml
xbm=image/x-xbitmap
xml=text/xml
xpm=image/x-xpixmap
xwd=image/x-xwindowdump
zip=application/zip
